error: expected string literal.
 --> $DIR/invalid_argument.rs:5:17
  |
5 |     #[to_tokens(xxx = 123)]
  |                 ^^^
