error[E0308]: mismatched types
 --> tests/compile_fail/to_tokens/mismatch_delimiter.rs:6:5
  |
5 |     #[to_tokens("(")]
  |     - arguments to this function are incorrect
6 |     bracket_token: syn::token::Bracket,
  |     ^^^^^^^^^^^^^ expected `&Paren`, found `&Bracket`
  |
  = note: expected reference `&syn::token::Paren`
             found reference `&syn::token::Bracket`
note: method defined here
 --> $CARGO/syn-2.0.48/src/token.rs
  |
  | / define_delimiters! {
  | |     Brace         pub struct Brace        /// `{`&hellip;`}`
  | |     Bracket       pub struct Bracket      /// `[`&hellip;`]`
  | |     Parenthesis   pub struct Paren        /// `(`&hellip;`)`
  | | }
  | |_^
  = note: this error originates in the macro `define_delimiters` (in Nightly builds, run with -Z macro-backtrace for more info)
