error[E0308]: mismatched types
 --> tests/compile_fail/parse/mismatch_delimiter_tuple.rs:3:10
  |
3 | #[derive(Parse)]
  |          ^^^^^ expected struct `Bracket`, found struct `Paren`
4 | struct TestType(#[to_tokens("(")] syn::token::Bracket, LitStr);
  |                                   ------------------- expected due to this
  |
  = note: this error originates in the derive macro `Parse` (in Nightly builds, run with -Z macro-backtrace for more info)
