error: expected `value(...)`, found `value = ...`
 --> $DIR/expected_name_args_buf_name_value.rs:1:45
  |
1 | #[structmeta_tests::attr_required_name_args(value = 10)]
  |                                             ^^^^^
