error: missing argument `value`
 --> $DIR/missing_named_argument.rs:1:1
  |
1 | #[structmeta_tests::attr_required_name_value()]
  | ^^^^^^^^^^^^^^^^^^^^^^^^^^^^^^^^^^^^^^^^^^^^^^^
  |
  = note: this error originates in an attribute macro (in Nightly builds, run with -Z macro-backtrace for more info)
