error[E0277]: the trait bound `structmeta::Flag: Parse` is not satisfied
   --> tests/compile_fail/struct_meta/option_flag.rs:5:5
    |
5   |     flag: Option<Flag>,
    |     ^^^^ the trait `Parse` is not implemented for `structmeta::Flag`
    |
    = help: the following other types implement trait `Parse`:
              Abi
              Abstract
              AndAnd
              AndEq
              AngleBracketedGenericArguments
              Arm
              As
              At
            and 251 others
note: required by a bound in `ParseBuffer::<'a>::parse`
   --> $CARGO/syn-1.0.98/src/parse.rs
    |
    |     pub fn parse<T: Parse>(&self) -> Result<T> {
    |                     ^^^^^ required by this bound in `ParseBuffer::<'a>::parse`
