error[E0277]: the trait bound `bool: Parse` is not satisfied
   --> tests/compile_fail/struct_meta/option_bool.rs:3:5
    |
3   |     flag: Option<bool>,
    |     ^^^^ the trait `Parse` is not implemented for `bool`
    |
note: required by a bound in `ParseBuffer::<'a>::parse`
   --> $CARGO/syn-1.0.90/src/parse.rs
    |
    |     pub fn parse<T: Parse>(&self) -> Result<T> {
    |                     ^^^^^ required by this bound in `ParseBuffer::<'a>::parse`
