error: cannot find parameter `vaue` in this scope
 --> $DIR/similar_name.rs:1:46
  |
1 | #[structmeta_tests::attr_required_name_value(vaue = 10)]
  |                                              ^^^^
